// Jest Snapshot v1, https://goo.gl/fbAQLP

exports[`App renders correctly 1`] = `
<div
  id="app"
>
  <div
    class="calculator-container"
  >
    <calculator-stub />
  </div>
</div>
`;
